------------------------------------------------------------
TimeQuest Timing Analyzer Summary
------------------------------------------------------------

Type  : Slow 1100mV 85C Model Setup 'clock'
Slack : -0.900
TNS   : -3.271

Type  : Slow 1100mV 85C Model Hold 'clock'
Slack : 0.458
TNS   : 0.000

Type  : Slow 1100mV 85C Model Minimum Pulse Width 'clock'
Slack : 0.401
TNS   : 0.000

Type  : Slow 1100mV 0C Model Setup 'clock'
Slack : -0.912
TNS   : -3.419

Type  : Slow 1100mV 0C Model Hold 'clock'
Slack : 0.457
TNS   : 0.000

Type  : Slow 1100mV 0C Model Minimum Pulse Width 'clock'
Slack : 0.328
TNS   : 0.000

Type  : Fast 1100mV 85C Model Setup 'clock'
Slack : 0.369
TNS   : 0.000

Type  : Fast 1100mV 85C Model Hold 'clock'
Slack : 0.250
TNS   : 0.000

Type  : Fast 1100mV 85C Model Minimum Pulse Width 'clock'
Slack : 0.417
TNS   : 0.000

Type  : Fast 1100mV 0C Model Setup 'clock'
Slack : 0.471
TNS   : 0.000

Type  : Fast 1100mV 0C Model Hold 'clock'
Slack : 0.241
TNS   : 0.000

Type  : Fast 1100mV 0C Model Minimum Pulse Width 'clock'
Slack : 0.418
TNS   : 0.000

------------------------------------------------------------
