Analysis & Synthesis report for rom
Sat May 30 12:34:37 2020
Quartus Prime Version 19.1.0 Build 670 09/22/2019 SJ Lite Edition


---------------------
; Table of Contents ;
---------------------
  1. Legal Notice
  2. Analysis & Synthesis Summary
  3. Analysis & Synthesis Settings
  4. Parallel Compilation
  5. Analysis & Synthesis Source Files Read
  6. Analysis & Synthesis Resource Usage Summary
  7. Analysis & Synthesis Resource Utilization by Entity
  8. General Register Statistics
  9. Parameter Settings for User Entity Instance: compteur_modulo:compteur_binaire
 10. Parameter Settings for User Entity Instance: single_port_rom:romData
 11. Parameter Settings for User Entity Instance: MultiplexeurNbits:multiRomRam
 12. Parameter Settings for User Entity Instance: alu4bitWith3bitOp:Alui
 13. Parameter Settings for User Entity Instance: Registre:regC
 14. Parameter Settings for User Entity Instance: Registre:regZ
 15. Parameter Settings for User Entity Instance: Registre:regACCU
 16. Parameter Settings for User Entity Instance: single_port_ram:RamData
 17. Parameter Settings for User Entity Instance: registre2_4bits:registreInst|Registre:regFort
 18. Parameter Settings for User Entity Instance: registre2_4bits:registreInst|Registre:regFaible
 19. Parameter Settings for User Entity Instance: DecodeurInstruction:decodeur|Registre:stateReg
 20. Port Connectivity Checks: "DecodeurInstruction:decodeur|Registre:stateReg|bascule:\gen:1:u"
 21. Port Connectivity Checks: "DecodeurInstruction:decodeur|Registre:stateReg|bascule:\gen:0:u"
 22. Port Connectivity Checks: "DecodeurInstruction:decodeur|Registre:stateReg"
 23. Port Connectivity Checks: "registre2_4bits:registreInst|Registre:regFaible"
 24. Port Connectivity Checks: "registre2_4bits:registreInst|Registre:regFort"
 25. Port Connectivity Checks: "Registre:regACCU|bascule:\gen:3:u"
 26. Port Connectivity Checks: "Registre:regACCU|bascule:\gen:2:u"
 27. Port Connectivity Checks: "Registre:regACCU|bascule:\gen:1:u"
 28. Port Connectivity Checks: "Registre:regACCU|bascule:\gen:0:u"
 29. Port Connectivity Checks: "Registre:regACCU"
 30. Port Connectivity Checks: "Registre:regZ"
 31. Port Connectivity Checks: "Registre:regC|bascule:\gen:0:u"
 32. Port Connectivity Checks: "Registre:regC"
 33. Port Connectivity Checks: "alu4bitWith3bitOp:Alui"
 34. Port Connectivity Checks: "compteur_modulo:compteur_binaire"
 35. Post-Synthesis Netlist Statistics for Top Partition
 36. Elapsed Time Per Partition
 37. Analysis & Synthesis Messages



----------------
; Legal Notice ;
----------------
Copyright (C) 2019  Intel Corporation. All rights reserved.
Your use of Intel Corporation's design tools, logic functions 
and other software and tools, and any partner logic 
functions, and any output files from any of the foregoing 
(including device programming or simulation files), and any 
associated documentation or information are expressly subject 
to the terms and conditions of the Intel Program License 
Subscription Agreement, the Intel Quartus Prime License Agreement,
the Intel FPGA IP License Agreement, or other applicable license
agreement, including, without limitation, that your use is for
the sole purpose of programming logic devices manufactured by
Intel and sold by Intel or its authorized distributors.  Please
refer to the applicable agreement for further details, at
https://fpgasoftware.intel.com/eula.



+-------------------------------------------------------------------------------+
; Analysis & Synthesis Summary                                                  ;
+---------------------------------+---------------------------------------------+
; Analysis & Synthesis Status     ; Successful - Sat May 30 12:34:37 2020       ;
; Quartus Prime Version           ; 19.1.0 Build 670 09/22/2019 SJ Lite Edition ;
; Revision Name                   ; rom                                         ;
; Top-level Entity Name           ; Processeur                                  ;
; Family                          ; Cyclone V                                   ;
; Logic utilization (in ALMs)     ; N/A                                         ;
; Total registers                 ; 0                                           ;
; Total pins                      ; 1                                           ;
; Total virtual pins              ; 0                                           ;
; Total block memory bits         ; 0                                           ;
; Total DSP Blocks                ; 0                                           ;
; Total HSSI RX PCSs              ; 0                                           ;
; Total HSSI PMA RX Deserializers ; 0                                           ;
; Total HSSI TX PCSs              ; 0                                           ;
; Total HSSI PMA TX Serializers   ; 0                                           ;
; Total PLLs                      ; 0                                           ;
; Total DLLs                      ; 0                                           ;
+---------------------------------+---------------------------------------------+


+---------------------------------------------------------------------------------------------------------------------------+
; Analysis & Synthesis Settings                                                                                             ;
+---------------------------------------------------------------------------------+--------------------+--------------------+
; Option                                                                          ; Setting            ; Default Value      ;
+---------------------------------------------------------------------------------+--------------------+--------------------+
; Device                                                                          ; 5CGXFC7C7F23C8     ;                    ;
; Top-level entity name                                                           ; processeur         ; rom                ;
; Family name                                                                     ; Cyclone V          ; Cyclone V          ;
; Use smart compilation                                                           ; Off                ; Off                ;
; Enable parallel Assembler and Timing Analyzer during compilation                ; On                 ; On                 ;
; Enable compact report table                                                     ; Off                ; Off                ;
; Restructure Multiplexers                                                        ; Auto               ; Auto               ;
; MLAB Add Timing Constraints For Mixed-Port Feed-Through Mode Setting Don't Care ; Off                ; Off                ;
; Create Debugging Nodes for IP Cores                                             ; Off                ; Off                ;
; Preserve fewer node names                                                       ; On                 ; On                 ;
; Intel FPGA IP Evaluation Mode                                                   ; Enable             ; Enable             ;
; Verilog Version                                                                 ; Verilog_2001       ; Verilog_2001       ;
; VHDL Version                                                                    ; VHDL_1993          ; VHDL_1993          ;
; State Machine Processing                                                        ; Auto               ; Auto               ;
; Safe State Machine                                                              ; Off                ; Off                ;
; Extract Verilog State Machines                                                  ; On                 ; On                 ;
; Extract VHDL State Machines                                                     ; On                 ; On                 ;
; Ignore Verilog initial constructs                                               ; Off                ; Off                ;
; Iteration limit for constant Verilog loops                                      ; 5000               ; 5000               ;
; Iteration limit for non-constant Verilog loops                                  ; 250                ; 250                ;
; Add Pass-Through Logic to Inferred RAMs                                         ; On                 ; On                 ;
; Infer RAMs from Raw Logic                                                       ; On                 ; On                 ;
; Parallel Synthesis                                                              ; On                 ; On                 ;
; DSP Block Balancing                                                             ; Auto               ; Auto               ;
; NOT Gate Push-Back                                                              ; On                 ; On                 ;
; Power-Up Don't Care                                                             ; On                 ; On                 ;
; Remove Redundant Logic Cells                                                    ; Off                ; Off                ;
; Remove Duplicate Registers                                                      ; On                 ; On                 ;
; Ignore CARRY Buffers                                                            ; Off                ; Off                ;
; Ignore CASCADE Buffers                                                          ; Off                ; Off                ;
; Ignore GLOBAL Buffers                                                           ; Off                ; Off                ;
; Ignore ROW GLOBAL Buffers                                                       ; Off                ; Off                ;
; Ignore LCELL Buffers                                                            ; Off                ; Off                ;
; Ignore SOFT Buffers                                                             ; On                 ; On                 ;
; Limit AHDL Integers to 32 Bits                                                  ; Off                ; Off                ;
; Optimization Technique                                                          ; Balanced           ; Balanced           ;
; Carry Chain Length                                                              ; 70                 ; 70                 ;
; Auto Carry Chains                                                               ; On                 ; On                 ;
; Auto Open-Drain Pins                                                            ; On                 ; On                 ;
; Perform WYSIWYG Primitive Resynthesis                                           ; Off                ; Off                ;
; Auto ROM Replacement                                                            ; On                 ; On                 ;
; Auto RAM Replacement                                                            ; On                 ; On                 ;
; Auto DSP Block Replacement                                                      ; On                 ; On                 ;
; Auto Shift Register Replacement                                                 ; Auto               ; Auto               ;
; Allow Shift Register Merging across Hierarchies                                 ; Auto               ; Auto               ;
; Auto Clock Enable Replacement                                                   ; On                 ; On                 ;
; Strict RAM Replacement                                                          ; Off                ; Off                ;
; Allow Synchronous Control Signals                                               ; On                 ; On                 ;
; Force Use of Synchronous Clear Signals                                          ; Off                ; Off                ;
; Auto Resource Sharing                                                           ; Off                ; Off                ;
; Allow Any RAM Size For Recognition                                              ; Off                ; Off                ;
; Allow Any ROM Size For Recognition                                              ; Off                ; Off                ;
; Allow Any Shift Register Size For Recognition                                   ; Off                ; Off                ;
; Use LogicLock Constraints during Resource Balancing                             ; On                 ; On                 ;
; Ignore translate_off and synthesis_off directives                               ; Off                ; Off                ;
; Timing-Driven Synthesis                                                         ; On                 ; On                 ;
; Report Parameter Settings                                                       ; On                 ; On                 ;
; Report Source Assignments                                                       ; On                 ; On                 ;
; Report Connectivity Checks                                                      ; On                 ; On                 ;
; Ignore Maximum Fan-Out Assignments                                              ; Off                ; Off                ;
; Synchronization Register Chain Length                                           ; 3                  ; 3                  ;
; Power Optimization During Synthesis                                             ; Normal compilation ; Normal compilation ;
; HDL message level                                                               ; Level2             ; Level2             ;
; Suppress Register Optimization Related Messages                                 ; Off                ; Off                ;
; Number of Removed Registers Reported in Synthesis Report                        ; 5000               ; 5000               ;
; Number of Swept Nodes Reported in Synthesis Report                              ; 5000               ; 5000               ;
; Number of Inverted Registers Reported in Synthesis Report                       ; 100                ; 100                ;
; Clock MUX Protection                                                            ; On                 ; On                 ;
; Auto Gated Clock Conversion                                                     ; Off                ; Off                ;
; Block Design Naming                                                             ; Auto               ; Auto               ;
; SDC constraint protection                                                       ; Off                ; Off                ;
; Synthesis Effort                                                                ; Auto               ; Auto               ;
; Shift Register Replacement - Allow Asynchronous Clear Signal                    ; On                 ; On                 ;
; Pre-Mapping Resynthesis Optimization                                            ; Off                ; Off                ;
; Analysis & Synthesis Message Level                                              ; Medium             ; Medium             ;
; Disable Register Merging Across Hierarchies                                     ; Auto               ; Auto               ;
; Resource Aware Inference For Block RAM                                          ; On                 ; On                 ;
; Automatic Parallel Synthesis                                                    ; On                 ; On                 ;
; Partial Reconfiguration Bitstream ID                                            ; Off                ; Off                ;
+---------------------------------------------------------------------------------+--------------------+--------------------+


+------------------------------------------+
; Parallel Compilation                     ;
+----------------------------+-------------+
; Processors                 ; Number      ;
+----------------------------+-------------+
; Number detected on machine ; 8           ;
; Maximum allowed            ; 8           ;
;                            ;             ;
; Average used               ; 1.00        ;
; Maximum used               ; 1           ;
;                            ;             ;
; Usage by Processor         ; % Time Used ;
;     Processor 1            ; 100.0%      ;
+----------------------------+-------------+


+-----------------------------------------------------------------------------------------------------------------------------------------------------------------------+
; Analysis & Synthesis Source Files Read                                                                                                                                ;
+------------------------------------+-----------------+-----------------------+------------------------------------------------------------------------------+---------+
; File Name with User-Entered Path   ; Used in Netlist ; File Type             ; File Name with Absolute Path                                                 ; Library ;
+------------------------------------+-----------------+-----------------------+------------------------------------------------------------------------------+---------+
; processeur.vhd                     ; yes             ; Auto-Found VHDL File  ; C:/Users/Knacki/telecom/2A/S4/SCIN/dm rom/processeur.vhd                     ;         ;
; compteur_modulo.vhd                ; yes             ; Auto-Found VHDL File  ; C:/Users/Knacki/telecom/2A/S4/SCIN/dm rom/compteur_modulo.vhd                ;         ;
; single_port_rom.vhd                ; yes             ; Auto-Found VHDL File  ; C:/Users/Knacki/telecom/2A/S4/SCIN/dm rom/single_port_rom.vhd                ;         ;
; multiplexeurnbits.vhd              ; yes             ; Auto-Found VHDL File  ; C:/Users/Knacki/telecom/2A/S4/SCIN/dm rom/multiplexeurnbits.vhd              ;         ;
; alu4bitwith3bitop.vhd              ; yes             ; Auto-Found VHDL File  ; C:/Users/Knacki/telecom/2A/S4/SCIN/dm rom/alu4bitwith3bitop.vhd              ;         ;
; registre.vhd                       ; yes             ; Auto-Found VHDL File  ; C:/Users/Knacki/telecom/2A/S4/SCIN/dm rom/registre.vhd                       ;         ;
; bascule.vhd                        ; yes             ; Auto-Found VHDL File  ; C:/Users/Knacki/telecom/2A/S4/SCIN/dm rom/bascule.vhd                        ;         ;
; single_port_ram.vhd                ; yes             ; Auto-Found VHDL File  ; C:/Users/Knacki/telecom/2A/S4/SCIN/dm rom/single_port_ram.vhd                ;         ;
; registre2_4bits.vhd                ; yes             ; Auto-Found VHDL File  ; C:/Users/Knacki/telecom/2A/S4/SCIN/dm rom/registre2_4bits.vhd                ;         ;
; decodeurinstruction.vhd            ; yes             ; Auto-Found VHDL File  ; C:/Users/Knacki/telecom/2A/S4/SCIN/dm rom/decodeurinstruction.vhd            ;         ;
; decodeurinstructionstatelogic.vhd  ; yes             ; Auto-Found VHDL File  ; C:/Users/Knacki/telecom/2A/S4/SCIN/dm rom/decodeurinstructionstatelogic.vhd  ;         ;
; decodeurinstructionoutputlogic.vhd ; yes             ; Auto-Found VHDL File  ; C:/Users/Knacki/telecom/2A/S4/SCIN/dm rom/decodeurinstructionoutputlogic.vhd ;         ;
+------------------------------------+-----------------+-----------------------+------------------------------------------------------------------------------+---------+


+-----------------------------------------------------+
; Analysis & Synthesis Resource Usage Summary         ;
+---------------------------------------------+-------+
; Resource                                    ; Usage ;
+---------------------------------------------+-------+
; Estimate of Logic utilization (ALMs needed) ; 0     ;
;                                             ;       ;
; Combinational ALUT usage for logic          ; 0     ;
;     -- 7 input functions                    ; 0     ;
;     -- 6 input functions                    ; 0     ;
;     -- 5 input functions                    ; 0     ;
;     -- 4 input functions                    ; 0     ;
;     -- <=3 input functions                  ; 0     ;
;                                             ;       ;
; Dedicated logic registers                   ; 0     ;
;                                             ;       ;
; I/O pins                                    ; 1     ;
;                                             ;       ;
; Total DSP Blocks                            ; 0     ;
;                                             ;       ;
; Maximum fan-out node                        ; clk   ;
; Maximum fan-out                             ; 1     ;
; Total fan-out                               ; 1     ;
; Average fan-out                             ; 0.50  ;
+---------------------------------------------+-------+


+----------------------------------------------------------------------------------------------------------------------------------------------------------------------------------------+
; Analysis & Synthesis Resource Utilization by Entity                                                                                                                                    ;
+----------------------------+---------------------+---------------------------+-------------------+------------+------+--------------+---------------------+-------------+--------------+
; Compilation Hierarchy Node ; Combinational ALUTs ; Dedicated Logic Registers ; Block Memory Bits ; DSP Blocks ; Pins ; Virtual Pins ; Full Hierarchy Name ; Entity Name ; Library Name ;
+----------------------------+---------------------+---------------------------+-------------------+------------+------+--------------+---------------------+-------------+--------------+
; |Processeur                ; 0 (0)               ; 0 (0)                     ; 0                 ; 0          ; 1    ; 0            ; |Processeur         ; Processeur  ; work         ;
+----------------------------+---------------------+---------------------------+-------------------+------------+------+--------------+---------------------+-------------+--------------+
Note: For table entries with two numbers listed, the numbers in parentheses indicate the number of resources of the given type used by the specific entity alone. The numbers listed outside of parentheses indicate the total resources of the given type used by the specific entity and all of its sub-entities in the hierarchy.


+------------------------------------------------------+
; General Register Statistics                          ;
+----------------------------------------------+-------+
; Statistic                                    ; Value ;
+----------------------------------------------+-------+
; Total registers                              ; 0     ;
; Number of registers using Synchronous Clear  ; 0     ;
; Number of registers using Synchronous Load   ; 0     ;
; Number of registers using Asynchronous Clear ; 0     ;
; Number of registers using Asynchronous Load  ; 0     ;
; Number of registers using Clock Enable       ; 0     ;
; Number of registers using Preset             ; 0     ;
+----------------------------------------------+-------+


+-------------------------------------------------------------------------------+
; Parameter Settings for User Entity Instance: compteur_modulo:compteur_binaire ;
+----------------+-------+------------------------------------------------------+
; Parameter Name ; Value ; Type                                                 ;
+----------------+-------+------------------------------------------------------+
; taille         ; 7     ; Signed Integer                                       ;
; modulo         ; 128   ; Signed Integer                                       ;
+----------------+-------+------------------------------------------------------+
Note: In order to hide this table in the UI and the text report file, please set the "Show Parameter Settings in Synthesis Report" option in "Analysis and Synthesis Settings -> More Settings" to "Off".


+----------------------------------------------------------------------+
; Parameter Settings for User Entity Instance: single_port_rom:romData ;
+----------------+-------+---------------------------------------------+
; Parameter Name ; Value ; Type                                        ;
+----------------+-------+---------------------------------------------+
; data_width     ; 8     ; Signed Integer                              ;
; addr_width     ; 7     ; Signed Integer                              ;
+----------------+-------+---------------------------------------------+
Note: In order to hide this table in the UI and the text report file, please set the "Show Parameter Settings in Synthesis Report" option in "Analysis and Synthesis Settings -> More Settings" to "Off".


+----------------------------------------------------------------------------+
; Parameter Settings for User Entity Instance: MultiplexeurNbits:multiRomRam ;
+----------------+-------+---------------------------------------------------+
; Parameter Name ; Value ; Type                                              ;
+----------------+-------+---------------------------------------------------+
; taille         ; 4     ; Signed Integer                                    ;
+----------------+-------+---------------------------------------------------+
Note: In order to hide this table in the UI and the text report file, please set the "Show Parameter Settings in Synthesis Report" option in "Analysis and Synthesis Settings -> More Settings" to "Off".


+---------------------------------------------------------------------+
; Parameter Settings for User Entity Instance: alu4bitWith3bitOp:Alui ;
+----------------+-------+--------------------------------------------+
; Parameter Name ; Value ; Type                                       ;
+----------------+-------+--------------------------------------------+
; n              ; 4     ; Signed Integer                             ;
+----------------+-------+--------------------------------------------+
Note: In order to hide this table in the UI and the text report file, please set the "Show Parameter Settings in Synthesis Report" option in "Analysis and Synthesis Settings -> More Settings" to "Off".


+------------------------------------------------------------+
; Parameter Settings for User Entity Instance: Registre:regC ;
+----------------+-------+-----------------------------------+
; Parameter Name ; Value ; Type                              ;
+----------------+-------+-----------------------------------+
; n              ; 1     ; Signed Integer                    ;
+----------------+-------+-----------------------------------+
Note: In order to hide this table in the UI and the text report file, please set the "Show Parameter Settings in Synthesis Report" option in "Analysis and Synthesis Settings -> More Settings" to "Off".


+------------------------------------------------------------+
; Parameter Settings for User Entity Instance: Registre:regZ ;
+----------------+-------+-----------------------------------+
; Parameter Name ; Value ; Type                              ;
+----------------+-------+-----------------------------------+
; n              ; 1     ; Signed Integer                    ;
+----------------+-------+-----------------------------------+
Note: In order to hide this table in the UI and the text report file, please set the "Show Parameter Settings in Synthesis Report" option in "Analysis and Synthesis Settings -> More Settings" to "Off".


+---------------------------------------------------------------+
; Parameter Settings for User Entity Instance: Registre:regACCU ;
+----------------+-------+--------------------------------------+
; Parameter Name ; Value ; Type                                 ;
+----------------+-------+--------------------------------------+
; n              ; 4     ; Signed Integer                       ;
+----------------+-------+--------------------------------------+
Note: In order to hide this table in the UI and the text report file, please set the "Show Parameter Settings in Synthesis Report" option in "Analysis and Synthesis Settings -> More Settings" to "Off".


+----------------------------------------------------------------------+
; Parameter Settings for User Entity Instance: single_port_ram:RamData ;
+----------------+-------+---------------------------------------------+
; Parameter Name ; Value ; Type                                        ;
+----------------+-------+---------------------------------------------+
; data_width     ; 4     ; Signed Integer                              ;
; addr_width     ; 4     ; Signed Integer                              ;
+----------------+-------+---------------------------------------------+
Note: In order to hide this table in the UI and the text report file, please set the "Show Parameter Settings in Synthesis Report" option in "Analysis and Synthesis Settings -> More Settings" to "Off".


+--------------------------------------------------------------------------------------------+
; Parameter Settings for User Entity Instance: registre2_4bits:registreInst|Registre:regFort ;
+----------------+-------+-------------------------------------------------------------------+
; Parameter Name ; Value ; Type                                                              ;
+----------------+-------+-------------------------------------------------------------------+
; n              ; 4     ; Signed Integer                                                    ;
+----------------+-------+-------------------------------------------------------------------+
Note: In order to hide this table in the UI and the text report file, please set the "Show Parameter Settings in Synthesis Report" option in "Analysis and Synthesis Settings -> More Settings" to "Off".


+----------------------------------------------------------------------------------------------+
; Parameter Settings for User Entity Instance: registre2_4bits:registreInst|Registre:regFaible ;
+----------------+-------+---------------------------------------------------------------------+
; Parameter Name ; Value ; Type                                                                ;
+----------------+-------+---------------------------------------------------------------------+
; n              ; 4     ; Signed Integer                                                      ;
+----------------+-------+---------------------------------------------------------------------+
Note: In order to hide this table in the UI and the text report file, please set the "Show Parameter Settings in Synthesis Report" option in "Analysis and Synthesis Settings -> More Settings" to "Off".


+---------------------------------------------------------------------------------------------+
; Parameter Settings for User Entity Instance: DecodeurInstruction:decodeur|Registre:stateReg ;
+----------------+-------+--------------------------------------------------------------------+
; Parameter Name ; Value ; Type                                                               ;
+----------------+-------+--------------------------------------------------------------------+
; n              ; 2     ; Signed Integer                                                     ;
+----------------+-------+--------------------------------------------------------------------+
Note: In order to hide this table in the UI and the text report file, please set the "Show Parameter Settings in Synthesis Report" option in "Analysis and Synthesis Settings -> More Settings" to "Off".


+---------------------------------------------------------------------------------------------+
; Port Connectivity Checks: "DecodeurInstruction:decodeur|Registre:stateReg|bascule:\gen:1:u" ;
+--------+-------+----------+-----------------------------------------------------------------+
; Port   ; Type  ; Severity ; Details                                                         ;
+--------+-------+----------+-----------------------------------------------------------------+
; preset ; Input ; Info     ; Stuck at GND                                                    ;
+--------+-------+----------+-----------------------------------------------------------------+


+---------------------------------------------------------------------------------------------+
; Port Connectivity Checks: "DecodeurInstruction:decodeur|Registre:stateReg|bascule:\gen:0:u" ;
+--------+-------+----------+-----------------------------------------------------------------+
; Port   ; Type  ; Severity ; Details                                                         ;
+--------+-------+----------+-----------------------------------------------------------------+
; preset ; Input ; Info     ; Stuck at GND                                                    ;
+--------+-------+----------+-----------------------------------------------------------------+


+--------------------------------------------------------------------------------------------------------------------------------------------------------------------------+
; Port Connectivity Checks: "DecodeurInstruction:decodeur|Registre:stateReg"                                                                                               ;
+--------+-------+----------+----------------------------------------------------------------------------------------------------------------------------------------------+
; Port   ; Type  ; Severity ; Details                                                                                                                                      ;
+--------+-------+----------+----------------------------------------------------------------------------------------------------------------------------------------------+
; reset  ; Input ; Info     ; Stuck at GND                                                                                                                                 ;
; enable ; Input ; Warning  ; Declared by entity but not connected by instance. If a default value exists, it will be used.  Otherwise, the port will be connected to GND. ;
+--------+-------+----------+----------------------------------------------------------------------------------------------------------------------------------------------+


+-----------------------------------------------------------------------------+
; Port Connectivity Checks: "registre2_4bits:registreInst|Registre:regFaible" ;
+-------+-------+----------+--------------------------------------------------+
; Port  ; Type  ; Severity ; Details                                          ;
+-------+-------+----------+--------------------------------------------------+
; reset ; Input ; Info     ; Stuck at GND                                     ;
+-------+-------+----------+--------------------------------------------------+


+---------------------------------------------------------------------------+
; Port Connectivity Checks: "registre2_4bits:registreInst|Registre:regFort" ;
+-------+-------+----------+------------------------------------------------+
; Port  ; Type  ; Severity ; Details                                        ;
+-------+-------+----------+------------------------------------------------+
; reset ; Input ; Info     ; Stuck at GND                                   ;
+-------+-------+----------+------------------------------------------------+


+---------------------------------------------------------------+
; Port Connectivity Checks: "Registre:regACCU|bascule:\gen:3:u" ;
+--------+-------+----------+-----------------------------------+
; Port   ; Type  ; Severity ; Details                           ;
+--------+-------+----------+-----------------------------------+
; preset ; Input ; Info     ; Stuck at GND                      ;
+--------+-------+----------+-----------------------------------+


+---------------------------------------------------------------+
; Port Connectivity Checks: "Registre:regACCU|bascule:\gen:2:u" ;
+--------+-------+----------+-----------------------------------+
; Port   ; Type  ; Severity ; Details                           ;
+--------+-------+----------+-----------------------------------+
; preset ; Input ; Info     ; Stuck at GND                      ;
+--------+-------+----------+-----------------------------------+


+---------------------------------------------------------------+
; Port Connectivity Checks: "Registre:regACCU|bascule:\gen:1:u" ;
+--------+-------+----------+-----------------------------------+
; Port   ; Type  ; Severity ; Details                           ;
+--------+-------+----------+-----------------------------------+
; preset ; Input ; Info     ; Stuck at GND                      ;
+--------+-------+----------+-----------------------------------+


+---------------------------------------------------------------+
; Port Connectivity Checks: "Registre:regACCU|bascule:\gen:0:u" ;
+--------+-------+----------+-----------------------------------+
; Port   ; Type  ; Severity ; Details                           ;
+--------+-------+----------+-----------------------------------+
; preset ; Input ; Info     ; Stuck at GND                      ;
+--------+-------+----------+-----------------------------------+


+----------------------------------------------+
; Port Connectivity Checks: "Registre:regACCU" ;
+-------+-------+----------+-------------------+
; Port  ; Type  ; Severity ; Details           ;
+-------+-------+----------+-------------------+
; reset ; Input ; Info     ; Stuck at GND      ;
+-------+-------+----------+-------------------+


+-------------------------------------------+
; Port Connectivity Checks: "Registre:regZ" ;
+-------+-------+----------+----------------+
; Port  ; Type  ; Severity ; Details        ;
+-------+-------+----------+----------------+
; reset ; Input ; Info     ; Stuck at GND   ;
+-------+-------+----------+----------------+


+------------------------------------------------------------+
; Port Connectivity Checks: "Registre:regC|bascule:\gen:0:u" ;
+--------+-------+----------+--------------------------------+
; Port   ; Type  ; Severity ; Details                        ;
+--------+-------+----------+--------------------------------+
; preset ; Input ; Info     ; Stuck at GND                   ;
+--------+-------+----------+--------------------------------+


+-------------------------------------------+
; Port Connectivity Checks: "Registre:regC" ;
+-------+-------+----------+----------------+
; Port  ; Type  ; Severity ; Details        ;
+-------+-------+----------+----------------+
; reset ; Input ; Info     ; Stuck at GND   ;
+-------+-------+----------+----------------+


+----------------------------------------------------+
; Port Connectivity Checks: "alu4bitWith3bitOp:Alui" ;
+--------+-------+----------+------------------------+
; Port   ; Type  ; Severity ; Details                ;
+--------+-------+----------+------------------------+
; en_alu ; Input ; Info     ; Stuck at GND           ;
+--------+-------+----------+------------------------+


+-----------------------------------------------------------------------------------------------------------------+
; Port Connectivity Checks: "compteur_modulo:compteur_binaire"                                                    ;
+-------+--------+----------+-------------------------------------------------------------------------------------+
; Port  ; Type   ; Severity ; Details                                                                             ;
+-------+--------+----------+-------------------------------------------------------------------------------------+
; reset ; Input  ; Info     ; Stuck at GND                                                                        ;
; tc    ; Output ; Info     ; Connected to dangling logic. Logic that only feeds a dangling port will be removed. ;
+-------+--------+----------+-------------------------------------------------------------------------------------+


+-----------------------------------------------------+
; Post-Synthesis Netlist Statistics for Top Partition ;
+-------------------+---------------------------------+
; Type              ; Count                           ;
+-------------------+---------------------------------+
; boundary_port     ; 1                               ;
;                   ;                                 ;
; Max LUT depth     ; 0.00                            ;
; Average LUT depth ; 0.00                            ;
+-------------------+---------------------------------+


+-------------------------------+
; Elapsed Time Per Partition    ;
+----------------+--------------+
; Partition Name ; Elapsed Time ;
+----------------+--------------+
; Top            ; 00:00:00     ;
+----------------+--------------+


+-------------------------------+
; Analysis & Synthesis Messages ;
+-------------------------------+
Info: *******************************************************************
Info: Running Quartus Prime Analysis & Synthesis
    Info: Version 19.1.0 Build 670 09/22/2019 SJ Lite Edition
    Info: Processing started: Sat May 30 12:34:29 2020
Info: Command: quartus_map --read_settings_files=on --write_settings_files=off rom -c rom
Warning (18236): Number of processors has not been specified which may cause overloading on shared machines.  Set the global assignment NUM_PARALLEL_PROCESSORS in your QSF to an appropriate value for best performance.
Info (20030): Parallel compilation is enabled and will use 8 of the 8 processors detected
Warning (12125): Using design file processeur.vhd, which is not specified as a design file for the current project, but contains definitions for 2 design units and 1 entities in project
    Info (12022): Found design unit 1: Processeur-arch File: C:/Users/Knacki/telecom/2A/S4/SCIN/dm rom/processeur.vhd Line: 9
    Info (12023): Found entity 1: Processeur File: C:/Users/Knacki/telecom/2A/S4/SCIN/dm rom/processeur.vhd Line: 4
Info (12127): Elaborating entity "processeur" for the top level hierarchy
Warning (10036): Verilog HDL or VHDL warning at processeur.vhd(115): object "int_ad_Rom" assigned a value but never read File: C:/Users/Knacki/telecom/2A/S4/SCIN/dm rom/processeur.vhd Line: 115
Warning (10036): Verilog HDL or VHDL warning at processeur.vhd(115): object "int_ir_3_0" assigned a value but never read File: C:/Users/Knacki/telecom/2A/S4/SCIN/dm rom/processeur.vhd Line: 115
Warning (12125): Using design file compteur_modulo.vhd, which is not specified as a design file for the current project, but contains definitions for 2 design units and 1 entities in project
    Info (12022): Found design unit 1: compteur_modulo-behavior File: C:/Users/Knacki/telecom/2A/S4/SCIN/dm rom/compteur_modulo.vhd Line: 19
    Info (12023): Found entity 1: compteur_modulo File: C:/Users/Knacki/telecom/2A/S4/SCIN/dm rom/compteur_modulo.vhd Line: 4
Info (12128): Elaborating entity "compteur_modulo" for hierarchy "compteur_modulo:compteur_binaire" File: C:/Users/Knacki/telecom/2A/S4/SCIN/dm rom/processeur.vhd Line: 122
Warning (12125): Using design file single_port_rom.vhd, which is not specified as a design file for the current project, but contains definitions for 2 design units and 1 entities in project
    Info (12022): Found design unit 1: single_port_rom-rtl File: C:/Users/Knacki/telecom/2A/S4/SCIN/dm rom/single_port_rom.vhd Line: 17
    Info (12023): Found entity 1: single_port_rom File: C:/Users/Knacki/telecom/2A/S4/SCIN/dm rom/single_port_rom.vhd Line: 4
Info (12128): Elaborating entity "single_port_rom" for hierarchy "single_port_rom:romData" File: C:/Users/Knacki/telecom/2A/S4/SCIN/dm rom/processeur.vhd Line: 136
Warning (12125): Using design file multiplexeurnbits.vhd, which is not specified as a design file for the current project, but contains definitions for 2 design units and 1 entities in project
    Info (12022): Found design unit 1: MultiplexeurNbits-ArchIf File: C:/Users/Knacki/telecom/2A/S4/SCIN/dm rom/multiplexeurnbits.vhd Line: 13
    Info (12023): Found entity 1: MultiplexeurNbits File: C:/Users/Knacki/telecom/2A/S4/SCIN/dm rom/multiplexeurnbits.vhd Line: 3
Info (12128): Elaborating entity "MultiplexeurNbits" for hierarchy "MultiplexeurNbits:multiRomRam" File: C:/Users/Knacki/telecom/2A/S4/SCIN/dm rom/processeur.vhd Line: 147
Warning (12125): Using design file alu4bitwith3bitop.vhd, which is not specified as a design file for the current project, but contains definitions for 2 design units and 1 entities in project
    Info (12022): Found design unit 1: alu4bitWith3bitOp-arch File: C:/Users/Knacki/telecom/2A/S4/SCIN/dm rom/alu4bitwith3bitop.vhd Line: 16
    Info (12023): Found entity 1: alu4bitWith3bitOp File: C:/Users/Knacki/telecom/2A/S4/SCIN/dm rom/alu4bitwith3bitop.vhd Line: 5
Info (12128): Elaborating entity "alu4bitWith3bitOp" for hierarchy "alu4bitWith3bitOp:Alui" File: C:/Users/Knacki/telecom/2A/S4/SCIN/dm rom/processeur.vhd Line: 158
Warning (10492): VHDL Process Statement warning at alu4bitwith3bitop.vhd(21): signal "en_alu" is read inside the Process Statement but isn't in the Process Statement's sensitivity list File: C:/Users/Knacki/telecom/2A/S4/SCIN/dm rom/alu4bitwith3bitop.vhd Line: 21
Warning (10492): VHDL Process Statement warning at alu4bitwith3bitop.vhd(23): signal "operator" is read inside the Process Statement but isn't in the Process Statement's sensitivity list File: C:/Users/Knacki/telecom/2A/S4/SCIN/dm rom/alu4bitwith3bitop.vhd Line: 23
Warning (10492): VHDL Process Statement warning at alu4bitwith3bitop.vhd(25): signal "op1" is read inside the Process Statement but isn't in the Process Statement's sensitivity list File: C:/Users/Knacki/telecom/2A/S4/SCIN/dm rom/alu4bitwith3bitop.vhd Line: 25
Warning (10492): VHDL Process Statement warning at alu4bitwith3bitop.vhd(28): signal "op1" is read inside the Process Statement but isn't in the Process Statement's sensitivity list File: C:/Users/Knacki/telecom/2A/S4/SCIN/dm rom/alu4bitwith3bitop.vhd Line: 28
Warning (10492): VHDL Process Statement warning at alu4bitwith3bitop.vhd(28): signal "op2" is read inside the Process Statement but isn't in the Process Statement's sensitivity list File: C:/Users/Knacki/telecom/2A/S4/SCIN/dm rom/alu4bitwith3bitop.vhd Line: 28
Warning (10492): VHDL Process Statement warning at alu4bitwith3bitop.vhd(31): signal "op1" is read inside the Process Statement but isn't in the Process Statement's sensitivity list File: C:/Users/Knacki/telecom/2A/S4/SCIN/dm rom/alu4bitwith3bitop.vhd Line: 31
Warning (10492): VHDL Process Statement warning at alu4bitwith3bitop.vhd(31): signal "op2" is read inside the Process Statement but isn't in the Process Statement's sensitivity list File: C:/Users/Knacki/telecom/2A/S4/SCIN/dm rom/alu4bitwith3bitop.vhd Line: 31
Warning (10492): VHDL Process Statement warning at alu4bitwith3bitop.vhd(34): signal "op1" is read inside the Process Statement but isn't in the Process Statement's sensitivity list File: C:/Users/Knacki/telecom/2A/S4/SCIN/dm rom/alu4bitwith3bitop.vhd Line: 34
Warning (10492): VHDL Process Statement warning at alu4bitwith3bitop.vhd(34): signal "op2" is read inside the Process Statement but isn't in the Process Statement's sensitivity list File: C:/Users/Knacki/telecom/2A/S4/SCIN/dm rom/alu4bitwith3bitop.vhd Line: 34
Warning (10631): VHDL Process Statement warning at alu4bitwith3bitop.vhd(19): inferring latch(es) for signal or variable "z", which holds its previous value in one or more paths through the process File: C:/Users/Knacki/telecom/2A/S4/SCIN/dm rom/alu4bitwith3bitop.vhd Line: 19
Warning (10631): VHDL Process Statement warning at alu4bitwith3bitop.vhd(19): inferring latch(es) for signal or variable "res", which holds its previous value in one or more paths through the process File: C:/Users/Knacki/telecom/2A/S4/SCIN/dm rom/alu4bitwith3bitop.vhd Line: 19
Info (10041): Inferred latch for "res[0]" at alu4bitwith3bitop.vhd(19) File: C:/Users/Knacki/telecom/2A/S4/SCIN/dm rom/alu4bitwith3bitop.vhd Line: 19
Info (10041): Inferred latch for "res[1]" at alu4bitwith3bitop.vhd(19) File: C:/Users/Knacki/telecom/2A/S4/SCIN/dm rom/alu4bitwith3bitop.vhd Line: 19
Info (10041): Inferred latch for "res[2]" at alu4bitwith3bitop.vhd(19) File: C:/Users/Knacki/telecom/2A/S4/SCIN/dm rom/alu4bitwith3bitop.vhd Line: 19
Info (10041): Inferred latch for "res[3]" at alu4bitwith3bitop.vhd(19) File: C:/Users/Knacki/telecom/2A/S4/SCIN/dm rom/alu4bitwith3bitop.vhd Line: 19
Info (10041): Inferred latch for "res[4]" at alu4bitwith3bitop.vhd(19) File: C:/Users/Knacki/telecom/2A/S4/SCIN/dm rom/alu4bitwith3bitop.vhd Line: 19
Info (10041): Inferred latch for "z" at alu4bitwith3bitop.vhd(19) File: C:/Users/Knacki/telecom/2A/S4/SCIN/dm rom/alu4bitwith3bitop.vhd Line: 19
Warning (12125): Using design file registre.vhd, which is not specified as a design file for the current project, but contains definitions for 2 design units and 1 entities in project
    Info (12022): Found design unit 1: registre-arch File: C:/Users/Knacki/telecom/2A/S4/SCIN/dm rom/registre.vhd Line: 12
    Info (12023): Found entity 1: registre File: C:/Users/Knacki/telecom/2A/S4/SCIN/dm rom/registre.vhd Line: 3
Info (12128): Elaborating entity "Registre" for hierarchy "Registre:regC" File: C:/Users/Knacki/telecom/2A/S4/SCIN/dm rom/processeur.vhd Line: 172
Warning (12125): Using design file bascule.vhd, which is not specified as a design file for the current project, but contains definitions for 2 design units and 1 entities in project
    Info (12022): Found design unit 1: Bascule-arch File: C:/Users/Knacki/telecom/2A/S4/SCIN/dm rom/bascule.vhd Line: 13
    Info (12023): Found entity 1: Bascule File: C:/Users/Knacki/telecom/2A/S4/SCIN/dm rom/bascule.vhd Line: 3
Info (12128): Elaborating entity "bascule" for hierarchy "Registre:regC|bascule:\gen:0:u" File: C:/Users/Knacki/telecom/2A/S4/SCIN/dm rom/registre.vhd Line: 25
Info (12128): Elaborating entity "Registre" for hierarchy "Registre:regACCU" File: C:/Users/Knacki/telecom/2A/S4/SCIN/dm rom/processeur.vhd Line: 196
Warning (12125): Using design file single_port_ram.vhd, which is not specified as a design file for the current project, but contains definitions for 2 design units and 1 entities in project
    Info (12022): Found design unit 1: single_port_ram-rtl File: C:/Users/Knacki/telecom/2A/S4/SCIN/dm rom/single_port_ram.vhd Line: 20
    Info (12023): Found entity 1: single_port_ram File: C:/Users/Knacki/telecom/2A/S4/SCIN/dm rom/single_port_ram.vhd Line: 5
Info (12128): Elaborating entity "single_port_ram" for hierarchy "single_port_ram:RamData" File: C:/Users/Knacki/telecom/2A/S4/SCIN/dm rom/processeur.vhd Line: 207
Warning (12125): Using design file registre2_4bits.vhd, which is not specified as a design file for the current project, but contains definitions for 2 design units and 1 entities in project
    Info (12022): Found design unit 1: registre2_4bits-arch File: C:/Users/Knacki/telecom/2A/S4/SCIN/dm rom/registre2_4bits.vhd Line: 10
    Info (12023): Found entity 1: registre2_4bits File: C:/Users/Knacki/telecom/2A/S4/SCIN/dm rom/registre2_4bits.vhd Line: 3
Info (12128): Elaborating entity "registre2_4bits" for hierarchy "registre2_4bits:registreInst" File: C:/Users/Knacki/telecom/2A/S4/SCIN/dm rom/processeur.vhd Line: 219
Warning (12125): Using design file decodeurinstruction.vhd, which is not specified as a design file for the current project, but contains definitions for 2 design units and 1 entities in project
    Info (12022): Found design unit 1: DecodeurInstruction-arch File: C:/Users/Knacki/telecom/2A/S4/SCIN/dm rom/decodeurinstruction.vhd Line: 12
    Info (12023): Found entity 1: DecodeurInstruction File: C:/Users/Knacki/telecom/2A/S4/SCIN/dm rom/decodeurinstruction.vhd Line: 3
Info (12128): Elaborating entity "DecodeurInstruction" for hierarchy "DecodeurInstruction:decodeur" File: C:/Users/Knacki/telecom/2A/S4/SCIN/dm rom/processeur.vhd Line: 229
Warning (12125): Using design file decodeurinstructionstatelogic.vhd, which is not specified as a design file for the current project, but contains definitions for 2 design units and 1 entities in project
    Info (12022): Found design unit 1: DecodeurInstructionStateLogic-arch File: C:/Users/Knacki/telecom/2A/S4/SCIN/dm rom/decodeurinstructionstatelogic.vhd Line: 11
    Info (12023): Found entity 1: DecodeurInstructionStateLogic File: C:/Users/Knacki/telecom/2A/S4/SCIN/dm rom/decodeurinstructionstatelogic.vhd Line: 3
Info (12128): Elaborating entity "DecodeurInstructionStateLogic" for hierarchy "DecodeurInstruction:decodeur|DecodeurInstructionStateLogic:stateLogic" File: C:/Users/Knacki/telecom/2A/S4/SCIN/dm rom/decodeurinstruction.vhd Line: 40
Warning (12125): Using design file decodeurinstructionoutputlogic.vhd, which is not specified as a design file for the current project, but contains definitions for 2 design units and 1 entities in project
    Info (12022): Found design unit 1: DecodeurInstructionOutputLogic-arch File: C:/Users/Knacki/telecom/2A/S4/SCIN/dm rom/decodeurinstructionoutputlogic.vhd Line: 12
    Info (12023): Found entity 1: DecodeurInstructionOutputLogic File: C:/Users/Knacki/telecom/2A/S4/SCIN/dm rom/decodeurinstructionoutputlogic.vhd Line: 3
Info (12128): Elaborating entity "DecodeurInstructionOutputLogic" for hierarchy "DecodeurInstruction:decodeur|DecodeurInstructionOutputLogic:outputLogic" File: C:/Users/Knacki/telecom/2A/S4/SCIN/dm rom/decodeurinstruction.vhd Line: 41
Info (12128): Elaborating entity "Registre" for hierarchy "DecodeurInstruction:decodeur|Registre:stateReg" File: C:/Users/Knacki/telecom/2A/S4/SCIN/dm rom/decodeurinstruction.vhd Line: 42
Warning (12241): 1 hierarchies have connectivity warnings - see the Connectivity Checks report folder
Info (16010): Generating hard_block partition "hard_block:auto_generated_inst"
    Info (16011): Adding 0 node(s), including 0 DDIO, 0 PLL, 0 transceiver and 0 LCELL
Warning (21074): Design contains 1 input pin(s) that do not drive logic
    Warning (15610): No output dependent on input pin "clk" File: C:/Users/Knacki/telecom/2A/S4/SCIN/dm rom/processeur.vhd Line: 6
Info (21057): Implemented 1 device resources after synthesis - the final resource count might be different
    Info (21058): Implemented 1 input pins
    Info (21059): Implemented 0 output pins
Info: Quartus Prime Analysis & Synthesis was successful. 0 errors, 29 warnings
    Info: Peak virtual memory: 4858 megabytes
    Info: Processing ended: Sat May 30 12:34:37 2020
    Info: Elapsed time: 00:00:08
    Info: Total CPU time (on all processors): 00:00:16


